[dotenv@17.2.3] injecting env (9) from .env -- tip: ≡ƒöÉ prevent committing .env to code: https://dotenvx.com/precommit
Starting Risk Analysis Test...

Testing analyzeTokenWithGroq directly...
AI Result: {
  "ai_insights_panel": {
    "liquidityHealth": "Liquidity is relatively low compared to the market capitalization, which may indicate potential issues with selling the token quickly.",
    "liquidityTrend": "Dumping",
    "exitRiskSignal": "HIGH",
    "investorInterpretation": "The current market conditions suggest that it may be difficult to sell this token quickly without significantly affecting its price, which could lead to financial losses. This token's liquidity and recent price drop are concerning signs for potential investors. It's essential to exercise caution when considering investing in this token."
  },
  "riskData": [
    {
      "category": "Contract Risk",
      "risk": 60
    },
    {
      "category": "Liquidity Risk",
      "risk": 80
    },
    {
      "category": "Market Sentiment",
      "risk": 70
    },
    {
      "category": "Developer Activity",
      "risk": 40
    },
    {
      "category": "Community Trust",
      "risk": 50
    }
  ],
  "contractAnalysis": {
    "overallScore": 40,
    "summary": "The provided contract code snippet appears to be a basic Solidity contract with a transfer function, but it lacks complexity and does not provide enough information to fully assess its security and functionality."
  }
}

Testing generateSmartFallback directly...
Fallback Result: {
  "ai_insights_panel": {
    "liquidityHealth": "Liquidity exceeds Market Cap (Unusual).",
    "liquidityTrend": "Market activity appears stable.",
    "exitRiskSignal": "MEDIUM",
    "investorInterpretation": "The liquidity structure is inverted, which is often seen in new or manipulated projects. Proceed with caution."
  },
  "riskData": [
    {
      "category": "Liquidity",
      "risk": 50
    },
    {
      "category": "Market",
      "risk": 50
    }
  ],
  "contractAnalysis": {
    "overallScore": 50,
    "summary": "Automated analysis based on market metrics.",
    "vulnerabilities": []
  }
}
